==============================================================================
PROBE A -- is the saddle CV the cancellation set?
==============================================================================

--- saddle d=2, n=3000, k=30
  ||H_true||: min=9.801e-05 p01=2.508e-03 p10=3.336e-02 median=2.058e-01 max=4.066e-01
  MIN_TRUE_NORM = 1.000e-12  -> excluded by scorer: 0 of 3000
  rank rho (all points) = 0.991734   median relative error = 0.049606
  ratio statistics as a quantile floor on ||H_true|| rises:
     floor   kept     median         CV    p99 ratio
      0.00   3000     1.0000     5.4198       3.5757
      0.05   2850     0.9984     0.2003       1.6750
      0.10   2700     0.9995     0.1444       1.4689
      0.25   2250     0.9996     0.0817       1.2123
      0.50   1500     0.9992     0.0511       1.1223

--- saddle d=4, n=3000, k=30
  ||H_true||: min=9.770e-05 p01=2.902e-03 p10=2.706e-02 median=1.355e-01 max=4.418e-01
  MIN_TRUE_NORM = 1.000e-12  -> excluded by scorer: 0 of 3000
  rank rho (all points) = 0.738442   median relative error = 0.384035
  ratio statistics as a quantile floor on ||H_true|| rises:
     floor   kept     median         CV    p99 ratio
      0.00   3000     1.0484     7.6202      20.3007
      0.05   2850     1.0250     1.1388       8.0177
      0.10   2700     1.0107     0.7741       4.8165
      0.25   2250     0.9876     0.5611       3.1955
      0.50   1500     0.9689     0.4029       2.0879

==============================================================================
PROBE B -- is d=4's rho about n, not d?
==============================================================================

--- saddle d=4, n=3000, k=30
  ||H_true||: min=9.770e-05 p01=2.902e-03 p10=2.706e-02 median=1.355e-01 max=4.418e-01
  MIN_TRUE_NORM = 1.000e-12  -> excluded by scorer: 0 of 3000
  rank rho (all points) = 0.738442   median relative error = 0.384035
  ratio statistics as a quantile floor on ||H_true|| rises:
     floor   kept     median         CV    p99 ratio
      0.00   3000     1.0484     7.6202      20.3007
      0.05   2850     1.0250     1.1388       8.0177
      0.10   2700     1.0107     0.7741       4.8165
      0.25   2250     0.9876     0.5611       3.1955
      0.50   1500     0.9689     0.4029       2.0879
  predicted r/R ~ (k/n)^(1/d) = 0.3162

--- saddle d=4, n=10000, k=30
  ||H_true||: min=1.712e-05 p01=2.356e-03 p10=2.444e-02 median=1.361e-01 max=4.450e-01
  MIN_TRUE_NORM = 1.000e-12  -> excluded by scorer: 0 of 10000
  rank rho (all points) = 0.845256   median relative error = 0.280492
  ratio statistics as a quantile floor on ||H_true|| rises:
     floor   kept     median         CV    p99 ratio
      0.00  10000     1.0159    11.9201      17.6983
      0.05   9500     0.9963     0.8075       5.0339
      0.10   9000     0.9838     0.6244       3.7786
      0.25   7500     0.9729     0.4423       2.4855
      0.50   5000     0.9765     0.3035       1.8456
  predicted r/R ~ (k/n)^(1/d) = 0.2340

--- saddle d=4, n=30000, k=30
  ||H_true||: min=1.709e-05 p01=2.455e-03 p10=2.459e-02 median=1.376e-01 max=4.449e-01
  MIN_TRUE_NORM = 1.000e-12  -> excluded by scorer: 0 of 30000
  rank rho (all points) = 0.903145   median relative error = 0.213050
  ratio statistics as a quantile floor on ||H_true|| rises:
     floor   kept     median         CV    p99 ratio
      0.00  30000     1.0000    13.7652      14.2006
      0.05  28500     0.9876     0.6523       4.0248
      0.10  27000     0.9814     0.4970       2.9136
      0.25  22500     0.9787     0.3462       2.0971
      0.50  15000     0.9824     0.2304       1.6442
  predicted r/R ~ (k/n)^(1/d) = 0.1778

==============================================================================
PROBE C -- d=2 at the sealed n, for the same comparison
==============================================================================

--- saddle d=2, n=10000, k=30
  ||H_true||: min=8.640e-05 p01=3.373e-03 p10=3.270e-02 median=2.026e-01 max=4.057e-01
  MIN_TRUE_NORM = 1.000e-12  -> excluded by scorer: 0 of 10000
  rank rho (all points) = 0.997538   median relative error = 0.027034
  ratio statistics as a quantile floor on ||H_true|| rises:
     floor   kept     median         CV    p99 ratio
      0.00  10000     0.9988     1.3103       2.2171
      0.05   9500     0.9983     0.1158       1.3559
      0.10   9000     0.9986     0.0789       1.2457
      0.25   7500     0.9986     0.0433       1.1225
      0.50   5000     0.9984     0.0282       1.0729
