[adcp] inventory included=['physics_vit_base', 'desi_vit_base_hsc']
[adcp] geometry physics D={'d_low': 6, 'd_high': 44, 'd_low_primary': 6, 'd_high_primary': 44, 'right_truncated': False, 'narrow_reason': '', 'dataset_id': 'physics_vit_base', 'k': 2048, 'n_obs': 16384, 'n_anchors': 512, 'd_spec_max': 128, 'd_curv_max': 44, 'curvature_range_right_truncated': False, 'd_70': 6, 'd_75': 8, 'd_80': 12, 'd_825': 15, 'd_85': 20, 'd_875': 28, 'd_90': 41, 'd_95': 117, 'dL_plat': 115, 'dL_plat_lo': 115, 'dL_plat_hi': 115, 'dQ_plat': 20, 'dQ_plat_lo': 20, 'dQ_plat_hi': 20, 'quadratic_source': 'reused_physics_qpd_closest_point'}
[adcp] geometry desi D={'d_low': 5, 'd_high': 44, 'd_low_primary': 5, 'd_high_primary': 37, 'right_truncated': False, 'narrow_reason': 'd_95 sits past linear plateau + frozen noise-tail ranks; primary interval uses plateau+2; linear plateau lies past d_90 + frozen noise-tail ranks', 'dataset_id': 'desi_vit_base_hsc', 'k': 2048, 'n_obs': 20465, 'n_anchors': 512, 'd_spec_max': 96, 'd_curv_max': 44, 'curvature_range_right_truncated': False, 'd_70': 5, 'd_75': 7, 'd_80': 11, 'd_825': 13, 'd_85': 17, 'd_875': 23, 'd_90': 34, 'd_95': 93, 'dL_plat': 87, 'dL_plat_lo': 87, 'dL_plat_hi': 87, 'dQ_plat': 35, 'dQ_plat_lo': 35, 'dQ_plat_hi': 35, 'quadratic_source': 'coarse_fixed_then_fine_closest'}
[adcp] geometry freeze sha16=d5acb1f615a73f1e
[adcp] curvature physics_vit_base anchors=512 ds=6..44 reuse_d=[8, 9, 10, 11, 12, 13, 14, 15, 16, 17, 18, 19, 20] fit_d=[6, 7, 21, 22, 23, 24, 25, 26, 27, 28, 29, 30, 31, 32, 33, 34, 35, 36, 37, 38, 39, 40, 41, 42, 43, 44]
[adcp] curvature ckpt 8/512 new_anchors pairs=6864 last_sid=2104 missing_d=6..44
[adcp] curvature ckpt 16/512 new_anchors pairs=7072 last_sid=897 missing_d=6..44
[adcp] curvature ckpt 24/512 new_anchors pairs=7280 last_sid=1884 missing_d=6..44
[adcp] curvature ckpt 32/512 new_anchors pairs=7488 last_sid=2361 missing_d=6..44
[adcp] curvature ckpt 40/512 new_anchors pairs=7696 last_sid=2447 missing_d=6..44
[adcp] curvature ckpt 48/512 new_anchors pairs=7904 last_sid=1141 missing_d=6..44
[adcp] curvature ckpt 56/512 new_anchors pairs=8112 last_sid=1248 missing_d=6..44
[adcp] curvature ckpt 64/512 new_anchors pairs=8320 last_sid=303 missing_d=6..44
[adcp] curvature ckpt 72/512 new_anchors pairs=8528 last_sid=986 missing_d=6..44
[adcp] curvature ckpt 80/512 new_anchors pairs=8736 last_sid=1592 missing_d=6..44
[adcp] curvature ckpt 88/512 new_anchors pairs=8944 last_sid=1200 missing_d=6..44
[adcp] curvature ckpt 96/512 new_anchors pairs=9152 last_sid=240 missing_d=6..44
[adcp] curvature ckpt 104/512 new_anchors pairs=9360 last_sid=1144 missing_d=6..44
[adcp] curvature ckpt 112/512 new_anchors pairs=9568 last_sid=398 missing_d=6..44
[adcp] curvature ckpt 120/512 new_anchors pairs=9776 last_sid=336 missing_d=6..44
[adcp] curvature ckpt 128/512 new_anchors pairs=9984 last_sid=1890 missing_d=6..44
[adcp] curvature ckpt 136/512 new_anchors pairs=10192 last_sid=1902 missing_d=6..44
[adcp] curvature ckpt 144/512 new_anchors pairs=10400 last_sid=2141 missing_d=6..44
[adcp] curvature ckpt 152/512 new_anchors pairs=10608 last_sid=1429 missing_d=6..44
[adcp] curvature ckpt 160/512 new_anchors pairs=10816 last_sid=1056 missing_d=6..44
[adcp] curvature ckpt 168/512 new_anchors pairs=11024 last_sid=1308 missing_d=6..44
[adcp] curvature ckpt 176/512 new_anchors pairs=11232 last_sid=696 missing_d=6..44
[adcp] curvature ckpt 184/512 new_anchors pairs=11440 last_sid=1924 missing_d=6..44
[adcp] curvature ckpt 192/512 new_anchors pairs=11648 last_sid=296 missing_d=6..44
[adcp] curvature ckpt 200/512 new_anchors pairs=11856 last_sid=2132 missing_d=6..44
[adcp] curvature ckpt 208/512 new_anchors pairs=12064 last_sid=2288 missing_d=6..44
[adcp] curvature ckpt 216/512 new_anchors pairs=12272 last_sid=1436 missing_d=6..44
[adcp] curvature ckpt 224/512 new_anchors pairs=12480 last_sid=2296 missing_d=6..44
[adcp] curvature ckpt 232/512 new_anchors pairs=12688 last_sid=942 missing_d=6..44
[adcp] curvature ckpt 240/512 new_anchors pairs=12896 last_sid=1894 missing_d=6..44
[adcp] curvature ckpt 248/512 new_anchors pairs=13104 last_sid=1541 missing_d=6..44
[adcp] curvature ckpt 256/512 new_anchors pairs=13312 last_sid=670 missing_d=6..44
[adcp] curvature ckpt 264/512 new_anchors pairs=13520 last_sid=2019 missing_d=6..44
[adcp] curvature ckpt 272/512 new_anchors pairs=13728 last_sid=2070 missing_d=6..44
[adcp] curvature ckpt 280/512 new_anchors pairs=13936 last_sid=2328 missing_d=6..44
[adcp] curvature ckpt 288/512 new_anchors pairs=14144 last_sid=2280 missing_d=6..44
[adcp] curvature ckpt 296/512 new_anchors pairs=14352 last_sid=680 missing_d=6..44
[adcp] curvature ckpt 304/512 new_anchors pairs=14560 last_sid=637 missing_d=6..44
[adcp] curvature ckpt 312/512 new_anchors pairs=14768 last_sid=1853 missing_d=6..44
[adcp] curvature ckpt 320/512 new_anchors pairs=14976 last_sid=932 missing_d=6..44
[adcp] curvature ckpt 328/512 new_anchors pairs=15184 last_sid=1300 missing_d=6..44
[adcp] curvature ckpt 336/512 new_anchors pairs=15392 last_sid=327 missing_d=6..44
[adcp] curvature ckpt 344/512 new_anchors pairs=15600 last_sid=498 missing_d=6..44
[adcp] curvature ckpt 352/512 new_anchors pairs=15808 last_sid=1268 missing_d=6..44
[adcp] curvature ckpt 360/512 new_anchors pairs=16016 last_sid=1971 missing_d=6..44
[adcp] curvature ckpt 368/512 new_anchors pairs=16224 last_sid=1172 missing_d=6..44
[adcp] curvature ckpt 376/512 new_anchors pairs=16432 last_sid=2367 missing_d=6..44
[adcp] curvature ckpt 384/512 new_anchors pairs=16640 last_sid=760 missing_d=6..44
[adcp] curvature ckpt 392/512 new_anchors pairs=16848 last_sid=2063 missing_d=6..44
[adcp] curvature ckpt 400/512 new_anchors pairs=17056 last_sid=1537 missing_d=6..44
[adcp] curvature ckpt 408/512 new_anchors pairs=17264 last_sid=2250 missing_d=6..44
[adcp] curvature ckpt 416/512 new_anchors pairs=17472 last_sid=1005 missing_d=6..44
[adcp] curvature ckpt 424/512 new_anchors pairs=17680 last_sid=1124 missing_d=6..44
[adcp] curvature ckpt 432/512 new_anchors pairs=17888 last_sid=2516 missing_d=6..44
[adcp] curvature ckpt 440/512 new_anchors pairs=18096 last_sid=1551 missing_d=6..44
[adcp] curvature ckpt 448/512 new_anchors pairs=18304 last_sid=811 missing_d=6..44
[adcp] curvature ckpt 456/512 new_anchors pairs=18512 last_sid=1011 missing_d=6..44
[adcp] curvature ckpt 464/512 new_anchors pairs=18720 last_sid=1452 missing_d=6..44
[adcp] curvature ckpt 472/512 new_anchors pairs=18928 last_sid=842 missing_d=6..44
[adcp] curvature ckpt 480/512 new_anchors pairs=19136 last_sid=30 missing_d=6..44
[adcp] curvature ckpt 488/512 new_anchors pairs=19344 last_sid=980 missing_d=6..44
[adcp] curvature ckpt 496/512 new_anchors pairs=19552 last_sid=1243 missing_d=6..44
[adcp] curvature ckpt 504/512 new_anchors pairs=19760 last_sid=2485 missing_d=6..44
[adcp] curvature ckpt 512/512 new_anchors pairs=19968 last_sid=1519 missing_d=6..44
[adcp] curvature physics_vit_base n=512 ds=[6, 7, 8, 9, 10, 11, 12, 13, 14, 15, 16, 17, 18, 19, 20, 21, 22, 23, 24, 25, 26, 27, 28, 29, 30, 31, 32, 33, 34, 35, 36, 37, 38, 39, 40, 41, 42, 43, 44] reuse=True
[adcp] curvature desi_vit_base_hsc anchors=512 ds=5..37 reuse_d=[] fit_d=[5, 6, 7, 8, 9, 10, 11, 12, 13, 14, 15, 16, 17, 18, 19, 20, 21, 22, 23, 24, 25, 26, 27, 28, 29, 30, 31, 32, 33, 34, 35, 36, 37]
[adcp] curvature ckpt 8/512 new_anchors pairs=264 last_sid=17863 missing_d=5..37
[adcp] curvature ckpt 16/512 new_anchors pairs=528 last_sid=529 missing_d=5..37
[adcp] curvature ckpt 24/512 new_anchors pairs=792 last_sid=11870 missing_d=5..37
[adcp] curvature ckpt 32/512 new_anchors pairs=1056 last_sid=11997 missing_d=5..37
[adcp] curvature ckpt 40/512 new_anchors pairs=1320 last_sid=5521 missing_d=5..37
[adcp] curvature ckpt 48/512 new_anchors pairs=1584 last_sid=3121 missing_d=5..37
[adcp] curvature ckpt 56/512 new_anchors pairs=1848 last_sid=18606 missing_d=5..37
[adcp] curvature ckpt 64/512 new_anchors pairs=2112 last_sid=14240 missing_d=5..37
[adcp] curvature ckpt 72/512 new_anchors pairs=2376 last_sid=11170 missing_d=5..37
[adcp] curvature ckpt 80/512 new_anchors pairs=2640 last_sid=18586 missing_d=5..37
[adcp] curvature ckpt 88/512 new_anchors pairs=2904 last_sid=2086 missing_d=5..37
[adcp] curvature ckpt 96/512 new_anchors pairs=3168 last_sid=7705 missing_d=5..37
[adcp] curvature ckpt 104/512 new_anchors pairs=3432 last_sid=4906 missing_d=5..37
[adcp] curvature ckpt 112/512 new_anchors pairs=3696 last_sid=9596 missing_d=5..37
[adcp] curvature ckpt 120/512 new_anchors pairs=3960 last_sid=19427 missing_d=5..37
[adcp] curvature ckpt 128/512 new_anchors pairs=4224 last_sid=9880 missing_d=5..37
[adcp] curvature ckpt 136/512 new_anchors pairs=4488 last_sid=15826 missing_d=5..37
[adcp] curvature ckpt 144/512 new_anchors pairs=4752 last_sid=17579 missing_d=5..37
[adcp] curvature ckpt 152/512 new_anchors pairs=5016 last_sid=8871 missing_d=5..37
[adcp] curvature ckpt 160/512 new_anchors pairs=5280 last_sid=12040 missing_d=5..37
[adcp] curvature ckpt 168/512 new_anchors pairs=5544 last_sid=147 missing_d=5..37
[adcp] curvature ckpt 176/512 new_anchors pairs=5808 last_sid=2369 missing_d=5..37
[adcp] curvature ckpt 184/512 new_anchors pairs=6072 last_sid=4475 missing_d=5..37
[adcp] curvature ckpt 192/512 new_anchors pairs=6336 last_sid=15542 missing_d=5..37
[adcp] curvature ckpt 200/512 new_anchors pairs=6600 last_sid=8302 missing_d=5..37
[adcp] curvature ckpt 208/512 new_anchors pairs=6864 last_sid=7520 missing_d=5..37
[adcp] curvature ckpt 216/512 new_anchors pairs=7128 last_sid=2189 missing_d=5..37
[adcp] curvature ckpt 224/512 new_anchors pairs=7392 last_sid=19329 missing_d=5..37
[adcp] curvature ckpt 232/512 new_anchors pairs=7656 last_sid=19838 missing_d=5..37
[adcp] curvature ckpt 240/512 new_anchors pairs=7920 last_sid=5841 missing_d=5..37
[adcp] curvature ckpt 248/512 new_anchors pairs=8184 last_sid=17029 missing_d=5..37
[adcp] curvature ckpt 256/512 new_anchors pairs=8448 last_sid=12758 missing_d=5..37
[adcp] curvature ckpt 264/512 new_anchors pairs=8712 last_sid=14101 missing_d=5..37
[adcp] curvature ckpt 272/512 new_anchors pairs=8976 last_sid=16259 missing_d=5..37
[adcp] curvature ckpt 280/512 new_anchors pairs=9240 last_sid=3961 missing_d=5..37
[adcp] curvature ckpt 288/512 new_anchors pairs=9504 last_sid=18786 missing_d=5..37
[adcp] curvature ckpt 296/512 new_anchors pairs=9768 last_sid=500 missing_d=5..37
[adcp] curvature ckpt 304/512 new_anchors pairs=10032 last_sid=2432 missing_d=5..37
[adcp] curvature ckpt 312/512 new_anchors pairs=10296 last_sid=3738 missing_d=5..37
[adcp] curvature ckpt 320/512 new_anchors pairs=10560 last_sid=13018 missing_d=5..37
[adcp] curvature ckpt 328/512 new_anchors pairs=10824 last_sid=12988 missing_d=5..37
[adcp] curvature ckpt 336/512 new_anchors pairs=11088 last_sid=530 missing_d=5..37
[adcp] curvature ckpt 344/512 new_anchors pairs=11352 last_sid=5584 missing_d=5..37
[adcp] curvature ckpt 352/512 new_anchors pairs=11616 last_sid=996 missing_d=5..37
[adcp] curvature ckpt 360/512 new_anchors pairs=11880 last_sid=13744 missing_d=5..37
[adcp] curvature ckpt 368/512 new_anchors pairs=12144 last_sid=15645 missing_d=5..37
[adcp] curvature ckpt 376/512 new_anchors pairs=12408 last_sid=14655 missing_d=5..37
[adcp] curvature ckpt 384/512 new_anchors pairs=12672 last_sid=15364 missing_d=5..37
[adcp] curvature ckpt 392/512 new_anchors pairs=12936 last_sid=19206 missing_d=5..37
[adcp] curvature ckpt 400/512 new_anchors pairs=13200 last_sid=16066 missing_d=5..37
[adcp] curvature ckpt 408/512 new_anchors pairs=13464 last_sid=1781 missing_d=5..37
[adcp] curvature ckpt 416/512 new_anchors pairs=13728 last_sid=12833 missing_d=5..37
[adcp] curvature ckpt 424/512 new_anchors pairs=13992 last_sid=960 missing_d=5..37
[adcp] curvature ckpt 432/512 new_anchors pairs=14256 last_sid=15842 missing_d=5..37
[adcp] curvature ckpt 440/512 new_anchors pairs=14520 last_sid=16479 missing_d=5..37
[adcp] curvature ckpt 448/512 new_anchors pairs=14784 last_sid=16092 missing_d=5..37
[adcp] curvature ckpt 456/512 new_anchors pairs=15048 last_sid=2392 missing_d=5..37
[adcp] curvature ckpt 464/512 new_anchors pairs=15312 last_sid=17903 missing_d=5..37
[adcp] curvature ckpt 472/512 new_anchors pairs=15576 last_sid=10933 missing_d=5..37
[adcp] curvature ckpt 480/512 new_anchors pairs=15840 last_sid=12895 missing_d=5..37
[adcp] curvature ckpt 488/512 new_anchors pairs=16104 last_sid=17319 missing_d=5..37
[adcp] curvature ckpt 496/512 new_anchors pairs=16368 last_sid=15895 missing_d=5..37
[adcp] curvature ckpt 504/512 new_anchors pairs=16632 last_sid=8087 missing_d=5..37
[adcp] curvature ckpt 512/512 new_anchors pairs=16896 last_sid=15504 missing_d=5..37
[adcp] curvature desi_vit_base_hsc n=512 ds=[5, 6, 7, 8, 9, 10, 11, 12, 13, 14, 15, 16, 17, 18, 19, 20, 21, 22, 23, 24, 25, 26, 27, 28, 29, 30, 31, 32, 33, 34, 35, 36, 37] reuse=False
[adcp] done in 44058.8s stage=all
